2026-06-04 23:18:53,342 [EXEC] Executioner online
2026-06-04 23:18:53,342 [EXEC] Executioner online
2026-06-04 23:18:53,342 [EXEC] Workspace: /home/tathya/nova/workspace/
2026-06-04 23:18:53,342 [EXEC] Workspace: /home/tathya/nova/workspace/
2026-06-04 23:18:53,342 [EXEC] Permissions loaded from: /home/tathya/nova/executioner/permissions.json
2026-06-04 23:18:53,342 [EXEC] Permissions loaded from: /home/tathya/nova/executioner/permissions.json
2026-06-04 23:19:09,829 [EXEC] [b6630336] Tier 1 | ops: ['system_stats']
2026-06-04 23:19:09,829 [EXEC] [b6630336] Tier 1 | ops: ['system_stats']
2026-06-04 23:19:09,881 [EXEC] [b6630336] ✓ 50ms
2026-06-04 23:19:09,881 [EXEC] [b6630336] ✓ 50ms
2026-06-04 23:19:09,881 [EXEC] [092923b4] Tier 1 | ops: ['audio_control']
2026-06-04 23:19:09,881 [EXEC] [092923b4] Tier 1 | ops: ['audio_control']
2026-06-04 23:19:09,925 [EXEC] [092923b4] ✓ 42ms
2026-06-04 23:19:09,925 [EXEC] [092923b4] ✓ 42ms
2026-06-04 23:19:09,926 [EXEC] [15fa8d82] Tier 1 | ops: ['write_workspace']
2026-06-04 23:19:09,926 [EXEC] [15fa8d82] Tier 1 | ops: ['write_workspace']
2026-06-04 23:19:09,942 [EXEC] [15fa8d82] ✓ 15ms
2026-06-04 23:19:09,942 [EXEC] [15fa8d82] ✓ 15ms
2026-06-04 23:19:09,943 [EXEC] [2a489610] BLOCKED: Banned operation detected: rm -rf /
2026-06-04 23:19:09,943 [EXEC] [2a489610] BLOCKED: Banned operation detected: rm -rf /
2026-06-05 19:27:55,406 [EXEC] Executioner online
2026-06-05 19:27:55,406 [EXEC] Executioner online
2026-06-05 19:27:55,406 [EXEC] Workspace: /home/tathya/nova/workspace/
2026-06-05 19:27:55,406 [EXEC] Workspace: /home/tathya/nova/workspace/
2026-06-05 19:27:55,406 [EXEC] Permissions loaded from: /home/tathya/nova/executioner/permissions.json
2026-06-05 19:27:55,406 [EXEC] Permissions loaded from: /home/tathya/nova/executioner/permissions.json
2026-06-05 20:06:53,500 [EXEC] [7bde517d] Tier 1 | ops: ['write_workspace', 'network_fetch']
2026-06-05 20:06:53,500 [EXEC] [7bde517d] Tier 1 | ops: ['write_workspace', 'network_fetch']
2026-06-05 20:06:53,567 [EXEC] [7bde517d] ✗ File "/home/tathya/nova/workspace/nova_7bde517d_qik9ok0a.py", line 1
    Chocolate is made from cocoa beans, sugar, and 
2026-06-05 20:06:53,567 [EXEC] [7bde517d] ✗ File "/home/tathya/nova/workspace/nova_7bde517d_qik9ok0a.py", line 1
    Chocolate is made from cocoa beans, sugar, and 
2026-06-05 22:07:45,878 [EXEC] Executioner online
2026-06-05 22:07:45,878 [EXEC] Executioner online
2026-06-05 22:07:45,879 [EXEC] Workspace: /home/tathya/nova/workspace/
2026-06-05 22:07:45,879 [EXEC] Workspace: /home/tathya/nova/workspace/
2026-06-05 22:07:45,879 [EXEC] Permissions loaded from: /home/tathya/nova/executioner/permissions.json
2026-06-05 22:07:45,879 [EXEC] Permissions loaded from: /home/tathya/nova/executioner/permissions.json
2026-06-05 22:27:03,735 [EXEC] [7507ae84] Tier 1 | ops: ['write_workspace', 'network_fetch']
2026-06-05 22:27:03,735 [EXEC] [7507ae84] Tier 1 | ops: ['write_workspace', 'network_fetch']
2026-06-05 22:27:03,790 [EXEC] [7507ae84] ✓ 53ms
2026-06-05 22:27:03,790 [EXEC] [7507ae84] ✓ 53ms
2026-06-05 22:28:23,726 [EXEC] [bee3387d] Tier 1 | ops: ['write_workspace', 'network_fetch']
2026-06-05 22:28:23,726 [EXEC] [bee3387d] Tier 1 | ops: ['write_workspace', 'network_fetch']
2026-06-05 22:28:23,795 [EXEC] [bee3387d] ✓ 68ms
2026-06-05 22:28:23,795 [EXEC] [bee3387d] ✓ 68ms
2026-06-05 22:29:00,658 [EXEC] [040dff88] Tier 1 | ops: ['write_workspace', 'network_fetch']
2026-06-05 22:29:00,658 [EXEC] [040dff88] Tier 1 | ops: ['write_workspace', 'network_fetch']
2026-06-05 22:29:00,706 [EXEC] [040dff88] ✓ 47ms
2026-06-05 22:29:00,706 [EXEC] [040dff88] ✓ 47ms
2026-06-05 22:35:32,631 [EXEC] Executioner online
2026-06-05 22:35:32,631 [EXEC] Executioner online
2026-06-05 22:35:32,631 [EXEC] Workspace: /home/tathya/nova/workspace/
2026-06-05 22:35:32,631 [EXEC] Workspace: /home/tathya/nova/workspace/
2026-06-05 22:35:32,631 [EXEC] Permissions loaded from: /home/tathya/nova/executioner/permissions.json
2026-06-05 22:35:32,631 [EXEC] Permissions loaded from: /home/tathya/nova/executioner/permissions.json
2026-06-05 22:36:26,624 [EXEC] [e1cb9009] Tier 1 | ops: ['write_workspace', 'network_fetch']
2026-06-05 22:36:26,624 [EXEC] [e1cb9009] Tier 1 | ops: ['write_workspace', 'network_fetch']
2026-06-05 22:36:56,661 [EXEC] [e1cb9009] ✗ Script timed out after 30s
2026-06-05 22:36:56,661 [EXEC] [e1cb9009] ✗ Script timed out after 30s
2026-06-05 22:38:44,677 [EXEC] [fa090da8] Tier 1 | ops: ['write_workspace', 'network_fetch']
2026-06-05 22:38:44,677 [EXEC] [fa090da8] Tier 1 | ops: ['write_workspace', 'network_fetch']
2026-06-05 22:38:45,525 [EXEC] [fa090da8] ✓ 834ms
2026-06-05 22:38:45,525 [EXEC] [fa090da8] ✓ 834ms
2026-06-05 23:55:56,392 [EXEC] Executioner online
2026-06-05 23:55:56,392 [EXEC] Executioner online
2026-06-05 23:55:56,392 [EXEC] Workspace: /home/tathya/nova/workspace/
2026-06-05 23:55:56,392 [EXEC] Workspace: /home/tathya/nova/workspace/
2026-06-05 23:55:56,392 [EXEC] Permissions loaded from: /home/tathya/nova/executioner/permissions.json
2026-06-05 23:55:56,392 [EXEC] Permissions loaded from: /home/tathya/nova/executioner/permissions.json
2026-06-06 00:05:53,105 [EXEC] [eede168a] Tier 1 | ops: ['write_workspace', 'network_fetch']
2026-06-06 00:05:53,105 [EXEC] [eede168a] Tier 1 | ops: ['write_workspace', 'network_fetch']
2026-06-06 00:05:53,331 [EXEC] [eede168a] ✓ 225ms
2026-06-06 00:05:53,331 [EXEC] [eede168a] ✓ 225ms
2026-06-06 01:41:22,510 [EXEC] Executioner online
2026-06-06 01:41:22,510 [EXEC] Executioner online
2026-06-06 01:41:22,511 [EXEC] Workspace: /home/tathya/nova/workspace/
2026-06-06 01:41:22,511 [EXEC] Workspace: /home/tathya/nova/workspace/
2026-06-06 01:41:22,511 [EXEC] Permissions loaded from: /home/tathya/nova/executioner/permissions.json
2026-06-06 01:41:22,511 [EXEC] Permissions loaded from: /home/tathya/nova/executioner/permissions.json
